// Jest Snapshot v1, https://goo.gl/fbAQLP

exports[`renders correctly 1`] = `
<section>
  <img
    alt=""
    src="https://unsplash.it/200/300"
  />
  <div>
    <img
      alt=""
      src="https://unsplash.it/200/300"
    />
    <p>
      London Lifestyle Blogger
    </p>
  </div>
  <img
    alt=""
    src="https://unsplash.it/200/300"
  />
</section>
`;
